// Jest Snapshot v1, https://goo.gl/fbAQLP

exports[`next-sitemap/generateRobotsTxt generateRobotsTxt: additionalSitemap 1`] = `
"# *
User-agent: *
Allow: /

# black-listed-bot
User-agent: black-listed-bot
Disallow: /sub-path-1
Disallow: /path-2

# friendly-bot
User-agent: friendly-bot
Allow: /
Crawl-delay: 10

# Host
Host: https://example.com

# Sitemaps
Sitemap: https://example.com/my-custom-sitemap-1.xml
Sitemap: https://example.com/my-custom-sitemap-2.xml
Sitemap: https://example.com/my-custom-sitemap-3.xml
"
`;
