// Jest Snapshot v1, https://goo.gl/fbAQLP

exports[`buildSitemapXml snapshot test for handling the google news from final sitemap 1`] = `
"<?xml version=\\"1.0\\" encoding=\\"UTF-8\\"?>
<urlset xmlns=\\"http://www.sitemaps.org/schemas/sitemap/0.9\\" xmlns:news=\\"http://www.google.com/schemas/sitemap-news/0.9\\" xmlns:xhtml=\\"http://www.w3.org/1999/xhtml\\" xmlns:mobile=\\"http://www.google.com/schemas/sitemap-mobile/1.0\\" xmlns:image=\\"http://www.google.com/schemas/sitemap-image/1.1\\" xmlns:video=\\"http://www.google.com/schemas/sitemap-video/1.1\\">
<url><loc>https://example-ny-times.com</loc><lastmod>2021-03-05T20:38:12Z</lastmod>
     <news:news>
        <news:publication>
          <news:name>The New York Times</news:name>
          <news:language>en-US</news:language>
        </news:publication>
        <news:publication_date>2019-09-30T08:00:03Z</news:publication_date>
        <news:title>Lesson of the Day: 'Kehinde Wiley’s Times Square Monument: That’s No Robert E. Lee'</news:title>
      </news:news>
  </url>
</urlset>"
`;

exports[`buildSitemapXml snapshot test to exclude undefined values from final sitemap 1`] = `
"<?xml version=\\"1.0\\" encoding=\\"UTF-8\\"?>
<urlset xmlns=\\"http://www.sitemaps.org/schemas/sitemap/0.9\\" xmlns:news=\\"http://www.google.com/schemas/sitemap-news/0.9\\" xmlns:xhtml=\\"http://www.w3.org/1999/xhtml\\" xmlns:mobile=\\"http://www.google.com/schemas/sitemap-mobile/1.0\\" xmlns:image=\\"http://www.google.com/schemas/sitemap-image/1.1\\" xmlns:video=\\"http://www.google.com/schemas/sitemap-video/1.1\\">
<url><loc>https://example.com</loc></url>
<url><loc>https://example-news.com</loc></url>
<url><loc>https://example.com</loc><lastmod>some-value</lastmod><xhtml:link rel=\\"alternate\\" hreflang=\\"en\\" href=\\"https://example.com/en\\"/><xhtml:link rel=\\"alternate\\" hreflang=\\"fr\\" href=\\"https://example.com/fr\\"/></url>
</urlset>"
`;
